Requiring group.controller...
node : Error: Error: 
Cannot find module 
'uuid'
No linha:1 caractere:1
+ node 
test_require.js > 
test_output.txt 2>&1
+ ~~~~~~~~~~~~~~~~~~~~
~~~~~~~~~~~~~~~~~~~~~~
~
    + CategoryInfo    
          : NotSpeci  
  fied: (Error: Err   
 or: Cannot find m    
odule 'uuid':Stri    
ng) [], RemoteExc    
eption
    + FullyQualifiedE 
   rrorId : NativeCo  
  mmandError
 
Require stack:
- C:\Users\Carlos\Docu
ments\codigos\gemini\b
ackend\src\controllers
\group.controller.js
- C:\Users\Carlos\Docu
ments\codigos\gemini\b
ackend\test_require.js
    at Function._resol
veFilename (node:inter
nal/modules/cjs/loader
:1401:15)
    at 
defaultResolveImpl (no
de:internal/modules/cj
s/loader:1057:19)
    at resolveForCJSWi
thHooks (node:internal
/modules/cjs/loader:10
62:22)
    at Function._load 
(node:internal/modules
/cjs/loader:1211:37)
    at TracingChannel.
traceSync (node:diagno
stics_channel:322:14)
    at wrapModuleLoad 
(node:internal/modules
/cjs/loader:235:24)
    at Module.require 
(node:internal/modules
/cjs/loader:1487:12)
    at require (node:i
nternal/modules/helper
s:135:16)
    at 
Object.<anonymous> (C:
\Users\Carlos\Document
s\codigos\gemini\backe
nd\src\controllers\gro
up.controller.js:2:24)
    at 
Module._compile (node:
internal/modules/cjs/l
oader:1730:14) {
  code: 
'MODULE_NOT_FOUND',
  requireStack: [
    'C:\\Users\\Carlos
\\Documents\\codigos\\
gemini\\backend\\src\\
controllers\\group.con
troller.js',
    'C:\\Users\\Carlos
\\Documents\\codigos\\
gemini\\backend\\test_
require.js'
  ]
}
